// Jest Snapshot v1, https://goo.gl/fbAQLP

exports[`getisEvenResult Saga should call the isEvenLoadingError action if the response errors 1`] = `
Object {
  "@@redux-saga/IO": true,
  "SELECT": Object {
    "args": Array [],
    "selector": [Function],
  },
}
`;

exports[`getisEvenResult Saga should call the isEvenLoadingError action if the response errors 2`] = `
Object {
  "@@redux-saga/IO": true,
  "CALL": Object {
    "args": Array [
      "https://api.github.com/users/flexdinesh/isevenResponse?type=all&sort=updated",
    ],
    "context": null,
    "fn": [Function],
  },
}
`;

exports[`getisEvenResult Saga should dispatch the esEvenLoaded action if it requests the data successfully 1`] = `
Object {
  "@@redux-saga/IO": true,
  "SELECT": Object {
    "args": Array [],
    "selector": [Function],
  },
}
`;

exports[`getisEvenResult Saga should dispatch the esEvenLoaded action if it requests the data successfully 2`] = `
Object {
  "@@redux-saga/IO": true,
  "CALL": Object {
    "args": Array [
      "https://api.github.com/users/flexdinesh/isevenResponse?type=all&sort=updated",
    ],
    "context": null,
    "fn": [Function],
  },
}
`;
